morning	Set up job	﻿2026-05-14T20:41:38.0930692Z Current runner version: '2.334.0'
morning	Set up job	2026-05-14T20:41:38.0965526Z ##[group]Runner Image Provisioner
morning	Set up job	2026-05-14T20:41:38.0966866Z Hosted Compute Agent
morning	Set up job	2026-05-14T20:41:38.0967724Z Version: 20260213.493
morning	Set up job	2026-05-14T20:41:38.0968749Z Commit: 5c115507f6dd24b8de37d8bbe0bb4509d0cc0fa3
morning	Set up job	2026-05-14T20:41:38.0969897Z Build Date: 2026-02-13T00:28:41Z
morning	Set up job	2026-05-14T20:41:38.0970896Z Worker ID: {ae1c9f3e-cf19-426a-afcd-a4023f8f0437}
morning	Set up job	2026-05-14T20:41:38.0971953Z Azure Region: centralus
morning	Set up job	2026-05-14T20:41:38.0972724Z ##[endgroup]
morning	Set up job	2026-05-14T20:41:38.0975352Z ##[group]Operating System
morning	Set up job	2026-05-14T20:41:38.0976262Z Ubuntu
morning	Set up job	2026-05-14T20:41:38.0976884Z 24.04.4
morning	Set up job	2026-05-14T20:41:38.0977564Z LTS
morning	Set up job	2026-05-14T20:41:38.0978519Z ##[endgroup]
morning	Set up job	2026-05-14T20:41:38.0979264Z ##[group]Runner Image
morning	Set up job	2026-05-14T20:41:38.0980115Z Image: ubuntu-24.04
morning	Set up job	2026-05-14T20:41:38.0980894Z Version: 20260513.135.3
morning	Set up job	2026-05-14T20:41:38.0982363Z Included Software: https://github.com/actions/runner-images/blob/ubuntu24/20260513.135/images/ubuntu/Ubuntu2404-Readme.md
morning	Set up job	2026-05-14T20:41:38.0984991Z Image Release: https://github.com/actions/runner-images/releases/tag/ubuntu24%2F20260513.135
morning	Set up job	2026-05-14T20:41:38.0986392Z ##[endgroup]
morning	Set up job	2026-05-14T20:41:38.0990953Z ##[group]GITHUB_TOKEN Permissions
morning	Set up job	2026-05-14T20:41:38.0994275Z Actions: write
morning	Set up job	2026-05-14T20:41:38.0995067Z ArtifactMetadata: write
morning	Set up job	2026-05-14T20:41:38.0995975Z Attestations: write
morning	Set up job	2026-05-14T20:41:38.0996767Z Checks: write
morning	Set up job	2026-05-14T20:41:38.0997490Z CodeQuality: write
morning	Set up job	2026-05-14T20:41:38.0998575Z Contents: write
morning	Set up job	2026-05-14T20:41:38.0999399Z Deployments: write
morning	Set up job	2026-05-14T20:41:38.1000112Z Discussions: write
morning	Set up job	2026-05-14T20:41:38.1000840Z Issues: write
morning	Set up job	2026-05-14T20:41:38.1001554Z Metadata: read
morning	Set up job	2026-05-14T20:41:38.1002273Z Models: read
morning	Set up job	2026-05-14T20:41:38.1002964Z Packages: write
morning	Set up job	2026-05-14T20:41:38.1003834Z Pages: write
morning	Set up job	2026-05-14T20:41:38.1004552Z PullRequests: write
morning	Set up job	2026-05-14T20:41:38.1005702Z RepositoryProjects: write
morning	Set up job	2026-05-14T20:41:38.1006513Z SecurityEvents: write
morning	Set up job	2026-05-14T20:41:38.1007256Z Statuses: write
morning	Set up job	2026-05-14T20:41:38.1008212Z VulnerabilityAlerts: read
morning	Set up job	2026-05-14T20:41:38.1009114Z ##[endgroup]
morning	Set up job	2026-05-14T20:41:38.1011995Z Secret source: Actions
morning	Set up job	2026-05-14T20:41:38.1013472Z Prepare workflow directory
morning	Set up job	2026-05-14T20:41:38.1437248Z Prepare all required actions
morning	Set up job	2026-05-14T20:41:38.1493097Z Getting action download info
morning	Set up job	2026-05-14T20:41:38.5363795Z Download action repository 'actions/checkout@v5' (SHA:93cb6efe18208431cddfb8368fd83d5badbf9bfd)
morning	Set up job	2026-05-14T20:41:38.6547133Z Download action repository 'actions/setup-python@v6' (SHA:a309ff8b426b58ec0e2a45f0f869d46889d02405)
morning	Set up job	2026-05-14T20:41:38.8017027Z Complete job name: morning
morning	Run actions/checkout@v5	﻿2026-05-14T20:41:38.8696755Z ##[group]Run actions/checkout@v5
morning	Run actions/checkout@v5	2026-05-14T20:41:38.8697948Z with:
morning	Run actions/checkout@v5	2026-05-14T20:41:38.8698484Z   fetch-depth: 0
morning	Run actions/checkout@v5	2026-05-14T20:41:38.8699425Z   repository: Risky-Scout/nba-player-props-model
morning	Run actions/checkout@v5	2026-05-14T20:41:38.8700382Z   token: ***
morning	Run actions/checkout@v5	2026-05-14T20:41:38.8700987Z   ssh-strict: true
morning	Run actions/checkout@v5	2026-05-14T20:41:38.8701592Z   ssh-user: git
morning	Run actions/checkout@v5	2026-05-14T20:41:38.8702084Z   persist-credentials: true
morning	Run actions/checkout@v5	2026-05-14T20:41:38.8702684Z   clean: true
morning	Run actions/checkout@v5	2026-05-14T20:41:38.8703269Z   sparse-checkout-cone-mode: true
morning	Run actions/checkout@v5	2026-05-14T20:41:38.8703848Z   fetch-tags: false
morning	Run actions/checkout@v5	2026-05-14T20:41:38.8704409Z   show-progress: true
morning	Run actions/checkout@v5	2026-05-14T20:41:38.8704975Z   lfs: false
morning	Run actions/checkout@v5	2026-05-14T20:41:38.8705429Z   submodules: false
morning	Run actions/checkout@v5	2026-05-14T20:41:38.8705959Z   set-safe-directory: true
morning	Run actions/checkout@v5	2026-05-14T20:41:38.8706891Z env:
morning	Run actions/checkout@v5	2026-05-14T20:41:38.8707377Z   PYTHON_VERSION: 3.11
morning	Run actions/checkout@v5	2026-05-14T20:41:38.8708081Z   PYTHONPATH: src
morning	Run actions/checkout@v5	2026-05-14T20:41:38.8708939Z   STAT_GRID_RECALIBRATION_MODEL_DIR: _stat_grid_delivery_calibration_optimizer/artifacts/models
morning	Run actions/checkout@v5	2026-05-14T20:41:38.8710170Z   SOURCE_RECALIBRATION_MODEL_DIR: _stat_grid_delivery_calibration_optimizer/artifacts/models
morning	Run actions/checkout@v5	2026-05-14T20:41:38.8711202Z   FORCE_JAVASCRIPT_ACTIONS_TO_NODE24: true
morning	Run actions/checkout@v5	2026-05-14T20:41:38.8711858Z ##[endgroup]
morning	Run actions/checkout@v5	2026-05-14T20:41:38.9698503Z Syncing repository: Risky-Scout/nba-player-props-model
morning	Run actions/checkout@v5	2026-05-14T20:41:38.9700794Z ##[group]Getting Git version info
morning	Run actions/checkout@v5	2026-05-14T20:41:38.9702296Z Working directory is '/home/runner/work/nba-player-props-model/nba-player-props-model'
morning	Run actions/checkout@v5	2026-05-14T20:41:38.9703946Z [command]/usr/bin/git version
morning	Run actions/checkout@v5	2026-05-14T20:41:38.9756981Z git version 2.54.0
morning	Run actions/checkout@v5	2026-05-14T20:41:38.9776502Z ##[endgroup]
morning	Run actions/checkout@v5	2026-05-14T20:41:38.9789681Z Temporarily overriding HOME='/home/runner/work/_temp/22c32d75-1b8f-4e45-a377-353575c71ec5' before making global git config changes
morning	Run actions/checkout@v5	2026-05-14T20:41:38.9897028Z Adding repository directory to the temporary git global config as a safe directory
morning	Run actions/checkout@v5	2026-05-14T20:41:38.9900083Z [command]/usr/bin/git config --global --add safe.directory /home/runner/work/nba-player-props-model/nba-player-props-model
morning	Run actions/checkout@v5	2026-05-14T20:41:38.9904069Z Deleting the contents of '/home/runner/work/nba-player-props-model/nba-player-props-model'
morning	Run actions/checkout@v5	2026-05-14T20:41:38.9906554Z ##[group]Initializing the repository
morning	Run actions/checkout@v5	2026-05-14T20:41:38.9908346Z [command]/usr/bin/git init /home/runner/work/nba-player-props-model/nba-player-props-model
morning	Run actions/checkout@v5	2026-05-14T20:41:38.9951653Z hint: Using 'master' as the name for the initial branch. This default branch name
morning	Run actions/checkout@v5	2026-05-14T20:41:38.9953341Z hint: will change to "main" in Git 3.0. To configure the initial branch name
morning	Run actions/checkout@v5	2026-05-14T20:41:38.9954296Z hint: to use in all of your new repositories, which will suppress this warning,
morning	Run actions/checkout@v5	2026-05-14T20:41:38.9955491Z hint: call:
morning	Run actions/checkout@v5	2026-05-14T20:41:38.9956026Z hint:
morning	Run actions/checkout@v5	2026-05-14T20:41:38.9956531Z hint: 	git config --global init.defaultBranch <name>
morning	Run actions/checkout@v5	2026-05-14T20:41:38.9957132Z hint:
morning	Run actions/checkout@v5	2026-05-14T20:41:38.9957708Z hint: Names commonly chosen instead of 'master' are 'main', 'trunk' and
morning	Run actions/checkout@v5	2026-05-14T20:41:38.9959448Z hint: 'development'. The just-created branch can be renamed via this command:
morning	Run actions/checkout@v5	2026-05-14T20:41:38.9960778Z hint:
morning	Run actions/checkout@v5	2026-05-14T20:41:38.9961210Z hint: 	git branch -m <name>
morning	Run actions/checkout@v5	2026-05-14T20:41:38.9961673Z hint:
morning	Run actions/checkout@v5	2026-05-14T20:41:38.9962288Z hint: Disable this message with "git config set advice.defaultBranchName false"
morning	Run actions/checkout@v5	2026-05-14T20:41:38.9963478Z Initialized empty Git repository in /home/runner/work/nba-player-props-model/nba-player-props-model/.git/
morning	Run actions/checkout@v5	2026-05-14T20:41:38.9966916Z [command]/usr/bin/git remote add origin https://github.com/Risky-Scout/nba-player-props-model
morning	Run actions/checkout@v5	2026-05-14T20:41:39.0003953Z ##[endgroup]
morning	Run actions/checkout@v5	2026-05-14T20:41:39.0004936Z ##[group]Disabling automatic garbage collection
morning	Run actions/checkout@v5	2026-05-14T20:41:39.0006270Z [command]/usr/bin/git config --local gc.auto 0
morning	Run actions/checkout@v5	2026-05-14T20:41:39.0030078Z ##[endgroup]
morning	Run actions/checkout@v5	2026-05-14T20:41:39.0030974Z ##[group]Setting up auth
morning	Run actions/checkout@v5	2026-05-14T20:41:39.0035949Z [command]/usr/bin/git config --local --name-only --get-regexp core\.sshCommand
morning	Run actions/checkout@v5	2026-05-14T20:41:39.0064236Z [command]/usr/bin/git submodule foreach --recursive sh -c "git config --local --name-only --get-regexp 'core\.sshCommand' && git config --local --unset-all 'core.sshCommand' || :"
morning	Run actions/checkout@v5	2026-05-14T20:41:39.0352249Z [command]/usr/bin/git config --local --name-only --get-regexp http\.https\:\/\/github\.com\/\.extraheader
morning	Run actions/checkout@v5	2026-05-14T20:41:39.0378593Z [command]/usr/bin/git submodule foreach --recursive sh -c "git config --local --name-only --get-regexp 'http\.https\:\/\/github\.com\/\.extraheader' && git config --local --unset-all 'http.https://github.com/.extraheader' || :"
morning	Run actions/checkout@v5	2026-05-14T20:41:39.0552064Z [command]/usr/bin/git config --local --name-only --get-regexp ^includeIf\.gitdir:
morning	Run actions/checkout@v5	2026-05-14T20:41:39.0579903Z [command]/usr/bin/git submodule foreach --recursive git config --local --show-origin --name-only --get-regexp remote.origin.url
morning	Run actions/checkout@v5	2026-05-14T20:41:39.0761751Z [command]/usr/bin/git config --local http.https://github.com/.extraheader AUTHORIZATION: basic ***
morning	Run actions/checkout@v5	2026-05-14T20:41:39.0790718Z ##[endgroup]
morning	Run actions/checkout@v5	2026-05-14T20:41:39.0799103Z ##[group]Fetching the repository
morning	Run actions/checkout@v5	2026-05-14T20:41:39.0800395Z [command]/usr/bin/git -c protocol.version=2 fetch --prune --no-recurse-submodules origin +refs/heads/*:refs/remotes/origin/* +refs/tags/*:refs/tags/*
morning	Run actions/checkout@v5	2026-05-14T20:43:42.2841394Z From https://github.com/Risky-Scout/nba-player-props-model
morning	Run actions/checkout@v5	2026-05-14T20:43:42.2842713Z  * [new branch]        m8-6-calibration-market-superiority-20260512 -> origin/m8-6-calibration-market-superiority-20260512
morning	Run actions/checkout@v5	2026-05-14T20:43:42.2844042Z  * [new branch]        main       -> origin/main
morning	Run actions/checkout@v5	2026-05-14T20:43:42.2845109Z  * [new branch]        main-backup-before-coauthor-cleanup-20260514-1816 -> origin/main-backup-before-coauthor-cleanup-20260514-1816
morning	Run actions/checkout@v5	2026-05-14T20:43:42.2871164Z [command]/usr/bin/git branch --list --remote origin/m8-6-calibration-market-superiority-20260512
morning	Run actions/checkout@v5	2026-05-14T20:43:42.2894943Z   origin/m8-6-calibration-market-superiority-20260512
morning	Run actions/checkout@v5	2026-05-14T20:43:42.2904985Z [command]/usr/bin/git rev-parse refs/remotes/origin/m8-6-calibration-market-superiority-20260512
morning	Run actions/checkout@v5	2026-05-14T20:43:42.2923472Z eaeaa4f9aeab184ed3f45d214a50a09c0e120d49
morning	Run actions/checkout@v5	2026-05-14T20:43:42.2929979Z ##[endgroup]
morning	Run actions/checkout@v5	2026-05-14T20:43:42.2930582Z ##[group]Determining the checkout info
morning	Run actions/checkout@v5	2026-05-14T20:43:42.2931211Z ##[endgroup]
morning	Run actions/checkout@v5	2026-05-14T20:43:42.2935376Z [command]/usr/bin/git sparse-checkout disable
morning	Run actions/checkout@v5	2026-05-14T20:43:42.2975178Z [command]/usr/bin/git config --local --unset-all extensions.worktreeConfig
morning	Run actions/checkout@v5	2026-05-14T20:43:42.3002710Z ##[group]Checking out the ref
morning	Run actions/checkout@v5	2026-05-14T20:43:42.3007625Z [command]/usr/bin/git checkout --progress --force -B m8-6-calibration-market-superiority-20260512 refs/remotes/origin/m8-6-calibration-market-superiority-20260512
morning	Run actions/checkout@v5	2026-05-14T20:43:43.3859685Z Updating files:  24% (796/3222)
morning	Run actions/checkout@v5	2026-05-14T20:43:43.6318327Z Updating files:  25% (806/3222)
morning	Run actions/checkout@v5	2026-05-14T20:43:43.8812195Z Updating files:  26% (838/3222)
morning	Run actions/checkout@v5	2026-05-14T20:43:44.1197621Z Updating files:  27% (870/3222)
morning	Run actions/checkout@v5	2026-05-14T20:43:44.2210792Z Updating files:  28% (903/3222)
morning	Run actions/checkout@v5	2026-05-14T20:43:44.2215496Z Updating files:  29% (935/3222)
morning	Run actions/checkout@v5	2026-05-14T20:43:44.2223720Z Updating files:  30% (967/3222)
morning	Run actions/checkout@v5	2026-05-14T20:43:44.2230448Z Updating files:  31% (999/3222)
morning	Run actions/checkout@v5	2026-05-14T20:43:44.2241825Z Updating files:  32% (1032/3222)
morning	Run actions/checkout@v5	2026-05-14T20:43:44.2253299Z Updating files:  33% (1064/3222)
morning	Run actions/checkout@v5	2026-05-14T20:43:44.4489626Z Updating files:  34% (1096/3222)
morning	Run actions/checkout@v5	2026-05-14T20:43:44.7868942Z Updating files:  34% (1122/3222)
morning	Run actions/checkout@v5	2026-05-14T20:43:44.8086691Z Updating files:  35% (1128/3222)
morning	Run actions/checkout@v5	2026-05-14T20:43:44.8471010Z Updating files:  36% (1160/3222)
morning	Run actions/checkout@v5	2026-05-14T20:43:44.8763234Z Updating files:  37% (1193/3222)
morning	Run actions/checkout@v5	2026-05-14T20:43:44.9165058Z Updating files:  38% (1225/3222)
morning	Run actions/checkout@v5	2026-05-14T20:43:44.9289211Z Updating files:  39% (1257/3222)
morning	Run actions/checkout@v5	2026-05-14T20:43:44.9473550Z Updating files:  40% (1289/3222)
morning	Run actions/checkout@v5	2026-05-14T20:43:44.9725423Z Updating files:  41% (1322/3222)
morning	Run actions/checkout@v5	2026-05-14T20:43:44.9882733Z Updating files:  42% (1354/3222)
morning	Run actions/checkout@v5	2026-05-14T20:43:45.0008137Z Updating files:  43% (1386/3222)
morning	Run actions/checkout@v5	2026-05-14T20:43:45.0128148Z Updating files:  44% (1418/3222)
morning	Run actions/checkout@v5	2026-05-14T20:43:45.0137564Z Updating files:  45% (1450/3222)
morning	Run actions/checkout@v5	2026-05-14T20:43:45.0148257Z Updating files:  46% (1483/3222)
morning	Run actions/checkout@v5	2026-05-14T20:43:45.0156234Z Updating files:  47% (1515/3222)
morning	Run actions/checkout@v5	2026-05-14T20:43:45.0283832Z Updating files:  48% (1547/3222)
morning	Run actions/checkout@v5	2026-05-14T20:43:45.0340292Z Updating files:  49% (1579/3222)
morning	Run actions/checkout@v5	2026-05-14T20:43:45.0414892Z Updating files:  50% (1611/3222)
morning	Run actions/checkout@v5	2026-05-14T20:43:45.0490774Z Updating files:  51% (1644/3222)
morning	Run actions/checkout@v5	2026-05-14T20:43:45.0584281Z Updating files:  52% (1676/3222)
morning	Run actions/checkout@v5	2026-05-14T20:43:45.0610495Z Updating files:  53% (1708/3222)
morning	Run actions/checkout@v5	2026-05-14T20:43:45.0626326Z Updating files:  54% (1740/3222)
morning	Run actions/checkout@v5	2026-05-14T20:43:45.0822943Z Updating files:  55% (1773/3222)
morning	Run actions/checkout@v5	2026-05-14T20:43:45.0880918Z Updating files:  56% (1805/3222)
morning	Run actions/checkout@v5	2026-05-14T20:43:45.0958422Z Updating files:  57% (1837/3222)
morning	Run actions/checkout@v5	2026-05-14T20:43:45.1038396Z Updating files:  58% (1869/3222)
morning	Run actions/checkout@v5	2026-05-14T20:43:45.1103447Z Updating files:  59% (1901/3222)
morning	Run actions/checkout@v5	2026-05-14T20:43:45.1220949Z Updating files:  60% (1934/3222)
morning	Run actions/checkout@v5	2026-05-14T20:43:45.1365445Z Updating files:  61% (1966/3222)
morning	Run actions/checkout@v5	2026-05-14T20:43:45.1590899Z Updating files:  62% (1998/3222)
morning	Run actions/checkout@v5	2026-05-14T20:43:45.1834589Z Updating files:  63% (2030/3222)
morning	Run actions/checkout@v5	2026-05-14T20:43:45.2151393Z Updating files:  64% (2063/3222)
morning	Run actions/checkout@v5	2026-05-14T20:43:45.2382390Z Updating files:  65% (2095/3222)
morning	Run actions/checkout@v5	2026-05-14T20:43:45.2467327Z Updating files:  66% (2127/3222)
morning	Run actions/checkout@v5	2026-05-14T20:43:45.2943621Z Updating files:  67% (2159/3222)
morning	Run actions/checkout@v5	2026-05-14T20:43:45.3077498Z Updating files:  68% (2191/3222)
morning	Run actions/checkout@v5	2026-05-14T20:43:45.3291168Z Updating files:  68% (2203/3222)
morning	Run actions/checkout@v5	2026-05-14T20:43:45.4010359Z Updating files:  69% (2224/3222)
morning	Run actions/checkout@v5	2026-05-14T20:43:45.4597215Z Updating files:  70% (2256/3222)
morning	Run actions/checkout@v5	2026-05-14T20:43:45.4877001Z Updating files:  71% (2288/3222)
morning	Run actions/checkout@v5	2026-05-14T20:43:45.5817611Z Updating files:  72% (2320/3222)
morning	Run actions/checkout@v5	2026-05-14T20:43:45.5878551Z Updating files:  73% (2353/3222)
morning	Run actions/checkout@v5	2026-05-14T20:43:45.6919097Z Updating files:  74% (2385/3222)
morning	Run actions/checkout@v5	2026-05-14T20:43:45.7679845Z Updating files:  75% (2417/3222)
morning	Run actions/checkout@v5	2026-05-14T20:43:45.7726830Z Updating files:  76% (2449/3222)
morning	Run actions/checkout@v5	2026-05-14T20:43:45.8360630Z Updating files:  77% (2481/3222)
morning	Run actions/checkout@v5	2026-05-14T20:43:45.8780812Z Updating files:  78% (2514/3222)
morning	Run actions/checkout@v5	2026-05-14T20:43:45.8789119Z Updating files:  79% (2546/3222)
morning	Run actions/checkout@v5	2026-05-14T20:43:45.8885357Z Updating files:  80% (2578/3222)
morning	Run actions/checkout@v5	2026-05-14T20:43:45.8938497Z Updating files:  81% (2610/3222)
morning	Run actions/checkout@v5	2026-05-14T20:43:45.9463611Z Updating files:  82% (2643/3222)
morning	Run actions/checkout@v5	2026-05-14T20:43:45.9839165Z Updating files:  83% (2675/3222)
morning	Run actions/checkout@v5	2026-05-14T20:43:46.0064645Z Updating files:  84% (2707/3222)
morning	Run actions/checkout@v5	2026-05-14T20:43:46.0294025Z Updating files:  85% (2739/3222)
morning	Run actions/checkout@v5	2026-05-14T20:43:46.1869237Z Updating files:  86% (2771/3222)
morning	Run actions/checkout@v5	2026-05-14T20:43:46.3270899Z Updating files:  87% (2804/3222)
morning	Run actions/checkout@v5	2026-05-14T20:43:46.3513065Z Updating files:  87% (2827/3222)
morning	Run actions/checkout@v5	2026-05-14T20:43:46.3535671Z Updating files:  88% (2836/3222)
morning	Run actions/checkout@v5	2026-05-14T20:43:46.3557277Z Updating files:  89% (2868/3222)
morning	Run actions/checkout@v5	2026-05-14T20:43:46.3582325Z Updating files:  90% (2900/3222)
morning	Run actions/checkout@v5	2026-05-14T20:43:46.3604529Z Updating files:  91% (2933/3222)
morning	Run actions/checkout@v5	2026-05-14T20:43:46.3633619Z Updating files:  92% (2965/3222)
morning	Run actions/checkout@v5	2026-05-14T20:43:46.3655016Z Updating files:  93% (2997/3222)
morning	Run actions/checkout@v5	2026-05-14T20:43:46.3673519Z Updating files:  94% (3029/3222)
morning	Run actions/checkout@v5	2026-05-14T20:43:46.3690547Z Updating files:  95% (3061/3222)
morning	Run actions/checkout@v5	2026-05-14T20:43:46.3711570Z Updating files:  96% (3094/3222)
morning	Run actions/checkout@v5	2026-05-14T20:43:46.3733095Z Updating files:  97% (3126/3222)
morning	Run actions/checkout@v5	2026-05-14T20:43:46.3751647Z Updating files:  98% (3158/3222)
morning	Run actions/checkout@v5	2026-05-14T20:43:46.3761750Z Updating files:  99% (3190/3222)
morning	Run actions/checkout@v5	2026-05-14T20:43:46.3762232Z Updating files: 100% (3222/3222)
morning	Run actions/checkout@v5	2026-05-14T20:43:46.3762653Z Updating files: 100% (3222/3222), done.
morning	Run actions/checkout@v5	2026-05-14T20:43:46.3805759Z Switched to a new branch 'm8-6-calibration-market-superiority-20260512'
morning	Run actions/checkout@v5	2026-05-14T20:43:46.3808112Z branch 'm8-6-calibration-market-superiority-20260512' set up to track 'origin/m8-6-calibration-market-superiority-20260512'.
morning	Run actions/checkout@v5	2026-05-14T20:43:46.3876991Z ##[endgroup]
morning	Run actions/checkout@v5	2026-05-14T20:43:46.3917004Z [command]/usr/bin/git log -1 --format=%H
morning	Run actions/checkout@v5	2026-05-14T20:43:46.3936874Z eaeaa4f9aeab184ed3f45d214a50a09c0e120d49
morning	Run actions/setup-python@v6	﻿2026-05-14T20:43:46.4141111Z ##[group]Run actions/setup-python@v6
morning	Run actions/setup-python@v6	2026-05-14T20:43:46.4141382Z with:
morning	Run actions/setup-python@v6	2026-05-14T20:43:46.4141563Z   python-version: 3.11
morning	Run actions/setup-python@v6	2026-05-14T20:43:46.4141757Z   cache: pip
morning	Run actions/setup-python@v6	2026-05-14T20:43:46.4141944Z   check-latest: false
morning	Run actions/setup-python@v6	2026-05-14T20:43:46.4142317Z   token: ***
morning	Run actions/setup-python@v6	2026-05-14T20:43:46.4142505Z   update-environment: true
morning	Run actions/setup-python@v6	2026-05-14T20:43:46.4142726Z   allow-prereleases: false
morning	Run actions/setup-python@v6	2026-05-14T20:43:46.4142954Z   freethreaded: false
morning	Run actions/setup-python@v6	2026-05-14T20:43:46.4143158Z env:
morning	Run actions/setup-python@v6	2026-05-14T20:43:46.4143323Z   PYTHON_VERSION: 3.11
morning	Run actions/setup-python@v6	2026-05-14T20:43:46.4143521Z   PYTHONPATH: src
morning	Run actions/setup-python@v6	2026-05-14T20:43:46.4143891Z   STAT_GRID_RECALIBRATION_MODEL_DIR: _stat_grid_delivery_calibration_optimizer/artifacts/models
morning	Run actions/setup-python@v6	2026-05-14T20:43:46.4144442Z   SOURCE_RECALIBRATION_MODEL_DIR: _stat_grid_delivery_calibration_optimizer/artifacts/models
morning	Run actions/setup-python@v6	2026-05-14T20:43:46.4144860Z   FORCE_JAVASCRIPT_ACTIONS_TO_NODE24: true
morning	Run actions/setup-python@v6	2026-05-14T20:43:46.4145104Z ##[endgroup]
morning	Run actions/setup-python@v6	2026-05-14T20:43:46.5355180Z ##[group]Installed versions
morning	Run actions/setup-python@v6	2026-05-14T20:43:46.5445618Z Successfully set up CPython (3.11.15)
morning	Run actions/setup-python@v6	2026-05-14T20:43:46.5446600Z ##[endgroup]
morning	Run actions/setup-python@v6	2026-05-14T20:43:46.7772551Z [command]/opt/hostedtoolcache/Python/3.11.15/x64/bin/pip cache dir
morning	Run actions/setup-python@v6	2026-05-14T20:43:47.0589780Z /home/runner/.cache/pip
morning	Run actions/setup-python@v6	2026-05-14T20:43:47.2352977Z Cache hit for: setup-python-Linux-x64-24.04-Ubuntu-python-3.11.15-pip-3e9e7c2978b23fdb16f0e637f6a7deaf7d63f24c0c2943aa0f5820072112f5df
morning	Run actions/setup-python@v6	2026-05-14T20:43:48.3818579Z Received 62914560 of 147023073 (42.8%), 59.9 MBs/sec
morning	Run actions/setup-python@v6	2026-05-14T20:43:49.0530442Z Received 147023073 of 147023073 (100.0%), 83.9 MBs/sec
morning	Run actions/setup-python@v6	2026-05-14T20:43:49.0531565Z Cache Size: ~140 MB (147023073 B)
morning	Run actions/setup-python@v6	2026-05-14T20:43:49.0651431Z [command]/usr/bin/tar -xf /home/runner/work/_temp/191833f3-e662-4843-9a55-a7007a5267bf/cache.tzst -P -C /home/runner/work/nba-player-props-model/nba-player-props-model --use-compress-program unzstd
morning	Run actions/setup-python@v6	2026-05-14T20:43:49.2038252Z Cache restored successfully
morning	Run actions/setup-python@v6	2026-05-14T20:43:49.2091320Z Cache restored from key: setup-python-Linux-x64-24.04-Ubuntu-python-3.11.15-pip-3e9e7c2978b23fdb16f0e637f6a7deaf7d63f24c0c2943aa0f5820072112f5df
morning	Install python deps	﻿2026-05-14T20:43:49.2678490Z ##[group]Run pip install -r requirements.txt
morning	Install python deps	2026-05-14T20:43:49.2678945Z ^[[36;1mpip install -r requirements.txt^[[0m
morning	Install python deps	2026-05-14T20:43:49.2706738Z shell: /usr/bin/bash -e {0}
morning	Install python deps	2026-05-14T20:43:49.2707019Z env:
morning	Install python deps	2026-05-14T20:43:49.2707204Z   PYTHON_VERSION: 3.11
morning	Install python deps	2026-05-14T20:43:49.2707423Z   PYTHONPATH: src
morning	Install python deps	2026-05-14T20:43:49.2708030Z   STAT_GRID_RECALIBRATION_MODEL_DIR: _stat_grid_delivery_calibration_optimizer/artifacts/models
morning	Install python deps	2026-05-14T20:43:49.2709005Z   SOURCE_RECALIBRATION_MODEL_DIR: _stat_grid_delivery_calibration_optimizer/artifacts/models
morning	Install python deps	2026-05-14T20:43:49.2709719Z   FORCE_JAVASCRIPT_ACTIONS_TO_NODE24: true
morning	Install python deps	2026-05-14T20:43:49.2710286Z   pythonLocation: /opt/hostedtoolcache/Python/3.11.15/x64
morning	Install python deps	2026-05-14T20:43:49.2711030Z   PKG_CONFIG_PATH: /opt/hostedtoolcache/Python/3.11.15/x64/lib/pkgconfig
morning	Install python deps	2026-05-14T20:43:49.2711667Z   Python_ROOT_DIR: /opt/hostedtoolcache/Python/3.11.15/x64
morning	Install python deps	2026-05-14T20:43:49.2712311Z   Python2_ROOT_DIR: /opt/hostedtoolcache/Python/3.11.15/x64
morning	Install python deps	2026-05-14T20:43:49.2712978Z   Python3_ROOT_DIR: /opt/hostedtoolcache/Python/3.11.15/x64
morning	Install python deps	2026-05-14T20:43:49.2713600Z   LD_LIBRARY_PATH: /opt/hostedtoolcache/Python/3.11.15/x64/lib
morning	Install python deps	2026-05-14T20:43:49.2714154Z ##[endgroup]
morning	Install python deps	2026-05-14T20:43:52.5346251Z Collecting lightgbm==4.3.0 (from -r requirements.txt (line 1))
morning	Install python deps	2026-05-14T20:43:52.5360567Z   Using cached lightgbm-4.3.0-py3-none-manylinux_2_28_x86_64.whl.metadata (19 kB)
morning	Install python deps	2026-05-14T20:43:52.6150160Z Collecting scikit-learn==1.4.2 (from -r requirements.txt (line 2))
morning	Install python deps	2026-05-14T20:43:52.6166444Z   Using cached scikit_learn-1.4.2-cp311-cp311-manylinux_2_17_x86_64.manylinux2014_x86_64.whl.metadata (11 kB)
morning	Install python deps	2026-05-14T20:43:52.7464681Z Collecting pandas==2.2.3 (from -r requirements.txt (line 3))
morning	Install python deps	2026-05-14T20:43:52.7480779Z   Using cached pandas-2.2.3-cp311-cp311-manylinux_2_17_x86_64.manylinux2014_x86_64.whl.metadata (89 kB)
morning	Install python deps	2026-05-14T20:43:52.9069994Z Collecting numpy==1.26.4 (from -r requirements.txt (line 4))
morning	Install python deps	2026-05-14T20:43:52.9085905Z   Using cached numpy-1.26.4-cp311-cp311-manylinux_2_17_x86_64.manylinux2014_x86_64.whl.metadata (61 kB)
morning	Install python deps	2026-05-14T20:43:52.9414825Z Collecting requests==2.32.3 (from -r requirements.txt (line 5))
morning	Install python deps	2026-05-14T20:43:52.9429331Z   Using cached requests-2.32.3-py3-none-any.whl.metadata (4.6 kB)
morning	Install python deps	2026-05-14T20:43:53.0236068Z Collecting pyarrow==16.1.0 (from -r requirements.txt (line 6))
morning	Install python deps	2026-05-14T20:43:53.0249043Z   Using cached pyarrow-16.1.0-cp311-cp311-manylinux_2_28_x86_64.whl.metadata (3.0 kB)
morning	Install python deps	2026-05-14T20:43:53.0602206Z Collecting joblib==1.4.2 (from -r requirements.txt (line 7))
morning	Install python deps	2026-05-14T20:43:53.0616676Z   Using cached joblib-1.4.2-py3-none-any.whl.metadata (5.4 kB)
morning	Install python deps	2026-05-14T20:43:53.1598050Z Collecting scipy==1.13.1 (from -r requirements.txt (line 8))
morning	Install python deps	2026-05-14T20:43:53.1616023Z   Using cached scipy-1.13.1-cp311-cp311-manylinux_2_17_x86_64.manylinux2014_x86_64.whl.metadata (60 kB)
morning	Install python deps	2026-05-14T20:43:53.2073278Z Collecting nbainjuries==1.1.1 (from -r requirements.txt (line 9))
morning	Install python deps	2026-05-14T20:43:53.2085820Z   Using cached nbainjuries-1.1.1-py3-none-any.whl.metadata (9.8 kB)
morning	Install python deps	2026-05-14T20:43:53.2276694Z Collecting threadpoolctl>=2.0.0 (from scikit-learn==1.4.2->-r requirements.txt (line 2))
morning	Install python deps	2026-05-14T20:43:53.2289160Z   Using cached threadpoolctl-3.6.0-py3-none-any.whl.metadata (13 kB)
morning	Install python deps	2026-05-14T20:43:53.2470014Z Collecting python-dateutil>=2.8.2 (from pandas==2.2.3->-r requirements.txt (line 3))
morning	Install python deps	2026-05-14T20:43:53.2482218Z   Using cached python_dateutil-2.9.0.post0-py2.py3-none-any.whl.metadata (8.4 kB)
morning	Install python deps	2026-05-14T20:43:53.2885424Z Collecting pytz>=2020.1 (from pandas==2.2.3->-r requirements.txt (line 3))
morning	Install python deps	2026-05-14T20:43:53.4045876Z   Downloading pytz-2026.2-py2.py3-none-any.whl.metadata (22 kB)
morning	Install python deps	2026-05-14T20:43:53.4338600Z Collecting tzdata>=2022.7 (from pandas==2.2.3->-r requirements.txt (line 3))
morning	Install python deps	2026-05-14T20:43:53.4582478Z   Downloading tzdata-2026.2-py2.py3-none-any.whl.metadata (1.4 kB)
morning	Install python deps	2026-05-14T20:43:53.5348808Z Collecting charset-normalizer<4,>=2 (from requests==2.32.3->-r requirements.txt (line 5))
morning	Install python deps	2026-05-14T20:43:53.5362293Z   Using cached charset_normalizer-3.4.7-cp311-cp311-manylinux2014_x86_64.manylinux_2_17_x86_64.manylinux_2_28_x86_64.whl.metadata (40 kB)
morning	Install python deps	2026-05-14T20:43:53.5566482Z Collecting idna<4,>=2.5 (from requests==2.32.3->-r requirements.txt (line 5))
morning	Install python deps	2026-05-14T20:43:53.5809223Z   Downloading idna-3.15-py3-none-any.whl.metadata (7.7 kB)
morning	Install python deps	2026-05-14T20:43:53.6096097Z Collecting urllib3<3,>=1.21.1 (from requests==2.32.3->-r requirements.txt (line 5))
morning	Install python deps	2026-05-14T20:43:53.6339443Z   Downloading urllib3-2.7.0-py3-none-any.whl.metadata (6.9 kB)
morning	Install python deps	2026-05-14T20:43:53.6590780Z Collecting certifi>=2017.4.17 (from requests==2.32.3->-r requirements.txt (line 5))
morning	Install python deps	2026-05-14T20:43:53.6836680Z   Downloading certifi-2026.4.22-py3-none-any.whl.metadata (2.5 kB)
morning	Install python deps	2026-05-14T20:43:53.7077364Z Collecting PyPDF2<4.0,>=3.0.1 (from nbainjuries==1.1.1->-r requirements.txt (line 9))
morning	Install python deps	2026-05-14T20:43:53.7091904Z   Using cached pypdf2-3.0.1-py3-none-any.whl.metadata (6.8 kB)
morning	Install python deps	2026-05-14T20:43:54.0870707Z Collecting aiohttp<4.0,>=3.9.3 (from nbainjuries==1.1.1->-r requirements.txt (line 9))
morning	Install python deps	2026-05-14T20:43:54.0886629Z   Using cached aiohttp-3.13.5-cp311-cp311-manylinux2014_x86_64.manylinux_2_17_x86_64.manylinux_2_28_x86_64.whl.metadata (8.1 kB)
morning	Install python deps	2026-05-14T20:43:54.1249454Z Collecting jpype1<1.6.0,>=1.5.2 (from nbainjuries==1.1.1->-r requirements.txt (line 9))
morning	Install python deps	2026-05-14T20:43:54.1264316Z   Using cached jpype1-1.5.2-cp311-cp311-manylinux_2_17_x86_64.manylinux2014_x86_64.whl.metadata (4.9 kB)
morning	Install python deps	2026-05-14T20:43:54.1482975Z Collecting tabula-py<3.0,>=2.9.0 (from nbainjuries==1.1.1->-r requirements.txt (line 9))
morning	Install python deps	2026-05-14T20:43:54.1496529Z   Using cached tabula_py-2.10.0-py3-none-any.whl.metadata (7.6 kB)
morning	Install python deps	2026-05-14T20:43:54.1688682Z Collecting aiohappyeyeballs>=2.5.0 (from aiohttp<4.0,>=3.9.3->nbainjuries==1.1.1->-r requirements.txt (line 9))
morning	Install python deps	2026-05-14T20:43:54.1701988Z   Using cached aiohappyeyeballs-2.6.1-py3-none-any.whl.metadata (5.9 kB)
morning	Install python deps	2026-05-14T20:43:54.1849959Z Collecting aiosignal>=1.4.0 (from aiohttp<4.0,>=3.9.3->nbainjuries==1.1.1->-r requirements.txt (line 9))
morning	Install python deps	2026-05-14T20:43:54.1868349Z   Using cached aiosignal-1.4.0-py3-none-any.whl.metadata (3.7 kB)
morning	Install python deps	2026-05-14T20:43:54.2042076Z Collecting attrs>=17.3.0 (from aiohttp<4.0,>=3.9.3->nbainjuries==1.1.1->-r requirements.txt (line 9))
morning	Install python deps	2026-05-14T20:43:54.2055389Z   Using cached attrs-26.1.0-py3-none-any.whl.metadata (8.8 kB)
morning	Install python deps	2026-05-14T20:43:54.2595134Z Collecting frozenlist>=1.1.1 (from aiohttp<4.0,>=3.9.3->nbainjuries==1.1.1->-r requirements.txt (line 9))
morning	Install python deps	2026-05-14T20:43:54.2609182Z   Using cached frozenlist-1.8.0-cp311-cp311-manylinux1_x86_64.manylinux_2_28_x86_64.manylinux_2_5_x86_64.whl.metadata (20 kB)
morning	Install python deps	2026-05-14T20:43:54.4556527Z Collecting multidict<7.0,>=4.5 (from aiohttp<4.0,>=3.9.3->nbainjuries==1.1.1->-r requirements.txt (line 9))
morning	Install python deps	2026-05-14T20:43:54.4571152Z   Using cached multidict-6.7.1-cp311-cp311-manylinux2014_x86_64.manylinux_2_17_x86_64.manylinux_2_28_x86_64.whl.metadata (5.3 kB)
morning	Install python deps	2026-05-14T20:43:54.5166676Z Collecting propcache>=0.2.0 (from aiohttp<4.0,>=3.9.3->nbainjuries==1.1.1->-r requirements.txt (line 9))
morning	Install python deps	2026-05-14T20:43:54.5408381Z   Downloading propcache-0.5.2-cp311-cp311-manylinux2014_x86_64.manylinux_2_17_x86_64.manylinux_2_28_x86_64.whl.metadata (16 kB)
morning	Install python deps	2026-05-14T20:43:54.7513492Z Collecting yarl<2.0,>=1.17.0 (from aiohttp<4.0,>=3.9.3->nbainjuries==1.1.1->-r requirements.txt (line 9))
morning	Install python deps	2026-05-14T20:43:54.7527536Z   Using cached yarl-1.23.0-cp311-cp311-manylinux2014_x86_64.manylinux_2_17_x86_64.manylinux_2_28_x86_64.whl.metadata (79 kB)
morning	Install python deps	2026-05-14T20:43:54.7782606Z Collecting packaging (from jpype1<1.6.0,>=1.5.2->nbainjuries==1.1.1->-r requirements.txt (line 9))
morning	Install python deps	2026-05-14T20:43:54.8024208Z   Downloading packaging-26.2-py3-none-any.whl.metadata (3.5 kB)
morning	Install python deps	2026-05-14T20:43:54.8231324Z Collecting distro (from tabula-py<3.0,>=2.9.0->nbainjuries==1.1.1->-r requirements.txt (line 9))
morning	Install python deps	2026-05-14T20:43:54.8245210Z   Using cached distro-1.9.0-py3-none-any.whl.metadata (6.8 kB)
morning	Install python deps	2026-05-14T20:43:54.8504353Z Collecting typing-extensions>=4.2 (from aiosignal>=1.4.0->aiohttp<4.0,>=3.9.3->nbainjuries==1.1.1->-r requirements.txt (line 9))
morning	Install python deps	2026-05-14T20:43:54.8519042Z   Using cached typing_extensions-4.15.0-py3-none-any.whl.metadata (3.3 kB)
morning	Install python deps	2026-05-14T20:43:54.8704922Z Collecting six>=1.5 (from python-dateutil>=2.8.2->pandas==2.2.3->-r requirements.txt (line 3))
morning	Install python deps	2026-05-14T20:43:54.8719477Z   Using cached six-1.17.0-py2.py3-none-any.whl.metadata (1.7 kB)
morning	Install python deps	2026-05-14T20:43:54.8768395Z Using cached lightgbm-4.3.0-py3-none-manylinux_2_28_x86_64.whl (3.1 MB)
morning	Install python deps	2026-05-14T20:43:54.8793991Z Using cached scikit_learn-1.4.2-cp311-cp311-manylinux_2_17_x86_64.manylinux2014_x86_64.whl (12.1 MB)
morning	Install python deps	2026-05-14T20:43:54.8853041Z Using cached pandas-2.2.3-cp311-cp311-manylinux_2_17_x86_64.manylinux2014_x86_64.whl (13.1 MB)
morning	Install python deps	2026-05-14T20:43:54.8916162Z Using cached numpy-1.26.4-cp311-cp311-manylinux_2_17_x86_64.manylinux2014_x86_64.whl (18.3 MB)
morning	Install python deps	2026-05-14T20:43:54.8997331Z Using cached requests-2.32.3-py3-none-any.whl (64 kB)
morning	Install python deps	2026-05-14T20:43:54.9011717Z Using cached pyarrow-16.1.0-cp311-cp311-manylinux_2_28_x86_64.whl (40.8 MB)
morning	Install python deps	2026-05-14T20:43:54.9180742Z Using cached joblib-1.4.2-py3-none-any.whl (301 kB)
morning	Install python deps	2026-05-14T20:43:54.9194945Z Using cached scipy-1.13.1-cp311-cp311-manylinux_2_17_x86_64.manylinux2014_x86_64.whl (38.6 MB)
morning	Install python deps	2026-05-14T20:43:54.9350589Z Using cached nbainjuries-1.1.1-py3-none-any.whl (15 kB)
morning	Install python deps	2026-05-14T20:43:54.9363243Z Using cached aiohttp-3.13.5-cp311-cp311-manylinux2014_x86_64.manylinux_2_17_x86_64.manylinux_2_28_x86_64.whl (1.8 MB)
morning	Install python deps	2026-05-14T20:43:54.9383564Z Using cached charset_normalizer-3.4.7-cp311-cp311-manylinux2014_x86_64.manylinux_2_17_x86_64.manylinux_2_28_x86_64.whl (214 kB)
morning	Install python deps	2026-05-14T20:43:54.9627379Z Downloading idna-3.15-py3-none-any.whl (72 kB)
morning	Install python deps	2026-05-14T20:43:54.9930139Z Using cached jpype1-1.5.2-cp311-cp311-manylinux_2_17_x86_64.manylinux2014_x86_64.whl (494 kB)
morning	Install python deps	2026-05-14T20:43:54.9946222Z Using cached multidict-6.7.1-cp311-cp311-manylinux2014_x86_64.manylinux_2_17_x86_64.manylinux_2_28_x86_64.whl (246 kB)
morning	Install python deps	2026-05-14T20:43:54.9959545Z Using cached pypdf2-3.0.1-py3-none-any.whl (232 kB)
morning	Install python deps	2026-05-14T20:43:54.9972873Z Using cached tabula_py-2.10.0-py3-none-any.whl (12.0 MB)
morning	Install python deps	2026-05-14T20:43:55.0265668Z Downloading urllib3-2.7.0-py3-none-any.whl (131 kB)
morning	Install python deps	2026-05-14T20:43:55.0522250Z Using cached yarl-1.23.0-cp311-cp311-manylinux2014_x86_64.manylinux_2_17_x86_64.manylinux_2_28_x86_64.whl (102 kB)
morning	Install python deps	2026-05-14T20:43:55.0535788Z Using cached aiohappyeyeballs-2.6.1-py3-none-any.whl (15 kB)
morning	Install python deps	2026-05-14T20:43:55.0548730Z Using cached aiosignal-1.4.0-py3-none-any.whl (7.5 kB)
morning	Install python deps	2026-05-14T20:43:55.0563173Z Using cached attrs-26.1.0-py3-none-any.whl (67 kB)
morning	Install python deps	2026-05-14T20:43:55.0803726Z Downloading certifi-2026.4.22-py3-none-any.whl (135 kB)
morning	Install python deps	2026-05-14T20:43:55.1053637Z Using cached frozenlist-1.8.0-cp311-cp311-manylinux1_x86_64.manylinux_2_28_x86_64.manylinux_2_5_x86_64.whl (231 kB)
morning	Install python deps	2026-05-14T20:43:55.1296822Z Downloading propcache-0.5.2-cp311-cp311-manylinux2014_x86_64.manylinux_2_17_x86_64.manylinux_2_28_x86_64.whl (58 kB)
morning	Install python deps	2026-05-14T20:43:55.1342901Z Using cached python_dateutil-2.9.0.post0-py2.py3-none-any.whl (229 kB)
morning	Install python deps	2026-05-14T20:43:55.1584154Z Downloading pytz-2026.2-py2.py3-none-any.whl (510 kB)
morning	Install python deps	2026-05-14T20:43:55.1935148Z Using cached six-1.17.0-py2.py3-none-any.whl (11 kB)
morning	Install python deps	2026-05-14T20:43:55.1948077Z Using cached threadpoolctl-3.6.0-py3-none-any.whl (18 kB)
morning	Install python deps	2026-05-14T20:43:55.1961026Z Using cached typing_extensions-4.15.0-py3-none-any.whl (44 kB)
morning	Install python deps	2026-05-14T20:43:55.2202585Z Downloading tzdata-2026.2-py2.py3-none-any.whl (349 kB)
morning	Install python deps	2026-05-14T20:43:55.2302441Z Using cached distro-1.9.0-py3-none-any.whl (20 kB)
morning	Install python deps	2026-05-14T20:43:55.2545229Z Downloading packaging-26.2-py3-none-any.whl (100 kB)
morning	Install python deps	2026-05-14T20:43:55.5225366Z Installing collected packages: pytz, urllib3, tzdata, typing-extensions, threadpoolctl, six, PyPDF2, propcache, packaging, numpy, multidict, joblib, idna, frozenlist, distro, charset-normalizer, certifi, attrs, aiohappyeyeballs, yarl, scipy, requests, python-dateutil, pyarrow, jpype1, aiosignal, scikit-learn, pandas, lightgbm, aiohttp, tabula-py, nbainjuries
morning	Install python deps	2026-05-14T20:44:07.0039254Z 
morning	Install python deps	2026-05-14T20:44:07.0058018Z Successfully installed PyPDF2-3.0.1 aiohappyeyeballs-2.6.1 aiohttp-3.13.5 aiosignal-1.4.0 attrs-26.1.0 certifi-2026.4.22 charset-normalizer-3.4.7 distro-1.9.0 frozenlist-1.8.0 idna-3.15 joblib-1.4.2 jpype1-1.5.2 lightgbm-4.3.0 multidict-6.7.1 nbainjuries-1.1.1 numpy-1.26.4 packaging-26.2 pandas-2.2.3 propcache-0.5.2 pyarrow-16.1.0 python-dateutil-2.9.0.post0 pytz-2026.2 requests-2.32.3 scikit-learn-1.4.2 scipy-1.13.1 six-1.17.0 tabula-py-2.10.0 threadpoolctl-3.6.0 typing-extensions-4.15.0 tzdata-2026.2 urllib3-2.7.0 yarl-1.23.0
morning	Secrets preflight (Phase 13AL)	﻿2026-05-14T20:44:07.1259082Z ##[group]Run python3 scripts/verify_secrets_preflight.py --mode daily
morning	Secrets preflight (Phase 13AL)	2026-05-14T20:44:07.1259579Z ^[[36;1mpython3 scripts/verify_secrets_preflight.py --mode daily^[[0m
morning	Secrets preflight (Phase 13AL)	2026-05-14T20:44:07.1279777Z shell: /usr/bin/bash -e {0}
morning	Secrets preflight (Phase 13AL)	2026-05-14T20:44:07.1280016Z env:
morning	Secrets preflight (Phase 13AL)	2026-05-14T20:44:07.1280208Z   PYTHON_VERSION: 3.11
morning	Secrets preflight (Phase 13AL)	2026-05-14T20:44:07.1280418Z   PYTHONPATH: src
morning	Secrets preflight (Phase 13AL)	2026-05-14T20:44:07.1280796Z   STAT_GRID_RECALIBRATION_MODEL_DIR: _stat_grid_delivery_calibration_optimizer/artifacts/models
morning	Secrets preflight (Phase 13AL)	2026-05-14T20:44:07.1281366Z   SOURCE_RECALIBRATION_MODEL_DIR: _stat_grid_delivery_calibration_optimizer/artifacts/models
morning	Secrets preflight (Phase 13AL)	2026-05-14T20:44:07.1281779Z   FORCE_JAVASCRIPT_ACTIONS_TO_NODE24: true
morning	Secrets preflight (Phase 13AL)	2026-05-14T20:44:07.1282104Z   pythonLocation: /opt/hostedtoolcache/Python/3.11.15/x64
morning	Secrets preflight (Phase 13AL)	2026-05-14T20:44:07.1282506Z   PKG_CONFIG_PATH: /opt/hostedtoolcache/Python/3.11.15/x64/lib/pkgconfig
morning	Secrets preflight (Phase 13AL)	2026-05-14T20:44:07.1282920Z   Python_ROOT_DIR: /opt/hostedtoolcache/Python/3.11.15/x64
morning	Secrets preflight (Phase 13AL)	2026-05-14T20:44:07.1283269Z   Python2_ROOT_DIR: /opt/hostedtoolcache/Python/3.11.15/x64
morning	Secrets preflight (Phase 13AL)	2026-05-14T20:44:07.1283663Z   Python3_ROOT_DIR: /opt/hostedtoolcache/Python/3.11.15/x64
morning	Secrets preflight (Phase 13AL)	2026-05-14T20:44:07.1284022Z   LD_LIBRARY_PATH: /opt/hostedtoolcache/Python/3.11.15/x64/lib
morning	Secrets preflight (Phase 13AL)	2026-05-14T20:44:07.1284481Z   BDL_API_KEY: ***
morning	Secrets preflight (Phase 13AL)	2026-05-14T20:44:07.1284720Z   ODDS_API_KEY: ***
morning	Secrets preflight (Phase 13AL)	2026-05-14T20:44:07.1284918Z ##[endgroup]
morning	Secrets preflight (Phase 13AL)	2026-05-14T20:44:07.1541498Z Secrets preflight (mode=daily; values are never printed):
morning	Secrets preflight (Phase 13AL)	2026-05-14T20:44:07.1542090Z   Required (present):
morning	Secrets preflight (Phase 13AL)	2026-05-14T20:44:07.1542355Z     - BDL_API_KEY: len=36  sha256_prefix=51cb7776
morning	Secrets preflight (Phase 13AL)	2026-05-14T20:44:07.1542687Z     - ODDS_API_KEY: len=32  sha256_prefix=ecc6164e
morning	Secrets preflight (Phase 13AL)	2026-05-14T20:44:07.1543178Z   Recommended (missing — soft warn):
morning	Secrets preflight (Phase 13AL)	2026-05-14T20:44:07.1543427Z     - SFTP_HOST
morning	Secrets preflight (Phase 13AL)	2026-05-14T20:44:07.1543613Z     - SFTP_USER
morning	Secrets preflight (Phase 13AL)	2026-05-14T20:44:07.1543830Z     - SFTP_PASS
morning	Secrets preflight (Phase 13AL)	2026-05-14T20:44:07.1544006Z     - SFTP_PATH
morning	Secrets preflight (Phase 13AL)	2026-05-14T20:44:07.1544218Z     - DUNKS_AND_THREES_API_KEY (or any alias)
morning	Secrets preflight (Phase 13AL)	2026-05-14T20:44:07.1544861Z SECRETS_PREFLIGHT_PASS  mode=daily  required_present=2  recommended_missing=['SFTP_HOST', 'SFTP_USER', 'SFTP_PASS', 'SFTP_PATH', 'DUNKS_AND_THREES_API_KEY (or any alias)']
morning	Resolve delivery date (America/New_York)	﻿2026-05-14T20:44:07.1621791Z ##[group]Run if [ -n "2026-05-14" ]; then
morning	Resolve delivery date (America/New_York)	2026-05-14T20:44:07.1622134Z ^[[36;1mif [ -n "2026-05-14" ]; then^[[0m
morning	Resolve delivery date (America/New_York)	2026-05-14T20:44:07.1622432Z ^[[36;1m  echo "date=2026-05-14" >> "$GITHUB_OUTPUT"^[[0m
morning	Resolve delivery date (America/New_York)	2026-05-14T20:44:07.1622701Z ^[[36;1melse^[[0m
morning	Resolve delivery date (America/New_York)	2026-05-14T20:44:07.1622939Z ^[[36;1m  ET_DATE=$(TZ=America/New_York date +%Y-%m-%d)^[[0m
morning	Resolve delivery date (America/New_York)	2026-05-14T20:44:07.1623308Z ^[[36;1m  echo "Resolved delivery_date=$ET_DATE via America/New_York"^[[0m
morning	Resolve delivery date (America/New_York)	2026-05-14T20:44:07.1623668Z ^[[36;1m  echo "date=$ET_DATE" >> "$GITHUB_OUTPUT"^[[0m
morning	Resolve delivery date (America/New_York)	2026-05-14T20:44:07.1623934Z ^[[36;1mfi^[[0m
morning	Resolve delivery date (America/New_York)	2026-05-14T20:44:07.1644050Z shell: /usr/bin/bash -e {0}
morning	Resolve delivery date (America/New_York)	2026-05-14T20:44:07.1644433Z env:
morning	Resolve delivery date (America/New_York)	2026-05-14T20:44:07.1644623Z   PYTHON_VERSION: 3.11
morning	Resolve delivery date (America/New_York)	2026-05-14T20:44:07.1644833Z   PYTHONPATH: src
morning	Resolve delivery date (America/New_York)	2026-05-14T20:44:07.1645205Z   STAT_GRID_RECALIBRATION_MODEL_DIR: _stat_grid_delivery_calibration_optimizer/artifacts/models
morning	Resolve delivery date (America/New_York)	2026-05-14T20:44:07.1645770Z   SOURCE_RECALIBRATION_MODEL_DIR: _stat_grid_delivery_calibration_optimizer/artifacts/models
morning	Resolve delivery date (America/New_York)	2026-05-14T20:44:07.1646191Z   FORCE_JAVASCRIPT_ACTIONS_TO_NODE24: true
morning	Resolve delivery date (America/New_York)	2026-05-14T20:44:07.1646566Z   pythonLocation: /opt/hostedtoolcache/Python/3.11.15/x64
morning	Resolve delivery date (America/New_York)	2026-05-14T20:44:07.1646952Z   PKG_CONFIG_PATH: /opt/hostedtoolcache/Python/3.11.15/x64/lib/pkgconfig
morning	Resolve delivery date (America/New_York)	2026-05-14T20:44:07.1647345Z   Python_ROOT_DIR: /opt/hostedtoolcache/Python/3.11.15/x64
morning	Resolve delivery date (America/New_York)	2026-05-14T20:44:07.1647693Z   Python2_ROOT_DIR: /opt/hostedtoolcache/Python/3.11.15/x64
morning	Resolve delivery date (America/New_York)	2026-05-14T20:44:07.1648282Z   Python3_ROOT_DIR: /opt/hostedtoolcache/Python/3.11.15/x64
morning	Resolve delivery date (America/New_York)	2026-05-14T20:44:07.1648637Z   LD_LIBRARY_PATH: /opt/hostedtoolcache/Python/3.11.15/x64/lib
morning	Resolve delivery date (America/New_York)	2026-05-14T20:44:07.1648939Z ##[endgroup]
morning	Predictions readiness gate (Phase 13AM)	﻿2026-05-14T20:44:07.1730398Z ##[group]Run python3 scripts/predictions_readiness_gate.py \
morning	Predictions readiness gate (Phase 13AM)	2026-05-14T20:44:07.1730822Z ^[[36;1mpython3 scripts/predictions_readiness_gate.py \^[[0m
morning	Predictions readiness gate (Phase 13AM)	2026-05-14T20:44:07.1731132Z ^[[36;1m  --date "2026-05-14" \^[[0m
morning	Predictions readiness gate (Phase 13AM)	2026-05-14T20:44:07.1731383Z ^[[36;1m  --predict-cron-hour-utc 13 \^[[0m
morning	Predictions readiness gate (Phase 13AM)	2026-05-14T20:44:07.1731651Z ^[[36;1m  --mode "morning"^[[0m
morning	Predictions readiness gate (Phase 13AM)	2026-05-14T20:44:07.1750647Z shell: /usr/bin/bash -e {0}
morning	Predictions readiness gate (Phase 13AM)	2026-05-14T20:44:07.1750895Z env:
morning	Predictions readiness gate (Phase 13AM)	2026-05-14T20:44:07.1751072Z   PYTHON_VERSION: 3.11
morning	Predictions readiness gate (Phase 13AM)	2026-05-14T20:44:07.1751283Z   PYTHONPATH: src
morning	Predictions readiness gate (Phase 13AM)	2026-05-14T20:44:07.1751657Z   STAT_GRID_RECALIBRATION_MODEL_DIR: _stat_grid_delivery_calibration_optimizer/artifacts/models
morning	Predictions readiness gate (Phase 13AM)	2026-05-14T20:44:07.1752225Z   SOURCE_RECALIBRATION_MODEL_DIR: _stat_grid_delivery_calibration_optimizer/artifacts/models
morning	Predictions readiness gate (Phase 13AM)	2026-05-14T20:44:07.1752651Z   FORCE_JAVASCRIPT_ACTIONS_TO_NODE24: true
morning	Predictions readiness gate (Phase 13AM)	2026-05-14T20:44:07.1752975Z   pythonLocation: /opt/hostedtoolcache/Python/3.11.15/x64
morning	Predictions readiness gate (Phase 13AM)	2026-05-14T20:44:07.1753356Z   PKG_CONFIG_PATH: /opt/hostedtoolcache/Python/3.11.15/x64/lib/pkgconfig
morning	Predictions readiness gate (Phase 13AM)	2026-05-14T20:44:07.1753801Z   Python_ROOT_DIR: /opt/hostedtoolcache/Python/3.11.15/x64
morning	Predictions readiness gate (Phase 13AM)	2026-05-14T20:44:07.1754147Z   Python2_ROOT_DIR: /opt/hostedtoolcache/Python/3.11.15/x64
morning	Predictions readiness gate (Phase 13AM)	2026-05-14T20:44:07.1754493Z   Python3_ROOT_DIR: /opt/hostedtoolcache/Python/3.11.15/x64
morning	Predictions readiness gate (Phase 13AM)	2026-05-14T20:44:07.1754850Z   LD_LIBRARY_PATH: /opt/hostedtoolcache/Python/3.11.15/x64/lib
morning	Predictions readiness gate (Phase 13AM)	2026-05-14T20:44:07.1755276Z   ODDS_API_KEY: ***
morning	Predictions readiness gate (Phase 13AM)	2026-05-14T20:44:07.1755513Z   BDL_API_KEY: ***
morning	Predictions readiness gate (Phase 13AM)	2026-05-14T20:44:07.1755701Z ##[endgroup]
morning	Predictions readiness gate (Phase 13AM)	2026-05-14T20:44:08.5633176Z WAITING_FOR_PREDICTIONS_VALID_SKIP date=2026-05-14 mode=morning reason=no_games_slate
morning	Post Run actions/setup-python@v6	﻿2026-05-14T20:44:08.7065424Z Post job cleanup.
morning	Post Run actions/setup-python@v6	2026-05-14T20:44:08.8186488Z Cache hit occurred on the primary key setup-python-Linux-x64-24.04-Ubuntu-python-3.11.15-pip-3e9e7c2978b23fdb16f0e637f6a7deaf7d63f24c0c2943aa0f5820072112f5df, not saving cache.
morning	Post Run actions/checkout@v5	﻿2026-05-14T20:44:08.8368798Z Post job cleanup.
morning	Post Run actions/checkout@v5	2026-05-14T20:44:08.9168162Z [command]/usr/bin/git version
morning	Post Run actions/checkout@v5	2026-05-14T20:44:08.9201918Z git version 2.54.0
morning	Post Run actions/checkout@v5	2026-05-14T20:44:08.9236366Z Temporarily overriding HOME='/home/runner/work/_temp/b85545f3-5b12-466b-b145-dc643d4806c7' before making global git config changes
morning	Post Run actions/checkout@v5	2026-05-14T20:44:08.9237625Z Adding repository directory to the temporary git global config as a safe directory
morning	Post Run actions/checkout@v5	2026-05-14T20:44:08.9242704Z [command]/usr/bin/git config --global --add safe.directory /home/runner/work/nba-player-props-model/nba-player-props-model
morning	Post Run actions/checkout@v5	2026-05-14T20:44:08.9275545Z [command]/usr/bin/git config --local --name-only --get-regexp core\.sshCommand
morning	Post Run actions/checkout@v5	2026-05-14T20:44:08.9304424Z [command]/usr/bin/git submodule foreach --recursive sh -c "git config --local --name-only --get-regexp 'core\.sshCommand' && git config --local --unset-all 'core.sshCommand' || :"
morning	Post Run actions/checkout@v5	2026-05-14T20:44:08.9486845Z [command]/usr/bin/git config --local --name-only --get-regexp http\.https\:\/\/github\.com\/\.extraheader
morning	Post Run actions/checkout@v5	2026-05-14T20:44:08.9510246Z http.https://github.com/.extraheader
morning	Post Run actions/checkout@v5	2026-05-14T20:44:08.9519781Z [command]/usr/bin/git config --local --unset-all http.https://github.com/.extraheader
morning	Post Run actions/checkout@v5	2026-05-14T20:44:08.9546269Z [command]/usr/bin/git submodule foreach --recursive sh -c "git config --local --name-only --get-regexp 'http\.https\:\/\/github\.com\/\.extraheader' && git config --local --unset-all 'http.https://github.com/.extraheader' || :"
morning	Post Run actions/checkout@v5	2026-05-14T20:44:08.9723543Z [command]/usr/bin/git config --local --name-only --get-regexp ^includeIf\.gitdir:
morning	Post Run actions/checkout@v5	2026-05-14T20:44:08.9749456Z [command]/usr/bin/git submodule foreach --recursive git config --local --show-origin --name-only --get-regexp remote.origin.url
morning	Complete job	﻿2026-05-14T20:44:09.0039744Z Cleaning up orphan processes
