$ python3 scripts/calibrate_pmf.py --core-props-only --aggregate-mode --aggregate-oofs /home/runner/work/nba-player-props-model/nba-player-props-model/artifacts/models/challengers/2026-05-28/aggregate_input --output-dir /home/runner/work/nba-player-props-model/nba-player-props-model/artifacts/models/challengers/2026-05-28

2026-05-29 11:05:55,782 [INFO] CLI args: fold_index=None max_folds=999 core_props_only=True val_rows_limit=None aggregate_mode=True
2026-05-29 11:05:55,782 [INFO] CLI args: pmf_draws=3000
2026-05-29 11:05:55,782 [INFO] CLI args: allowed_stats=['ast', 'fg3m', 'pts', 'reb', 'tov']
2026-05-29 11:05:55,782 [INFO] ============================================================
2026-05-29 11:05:55,782 [INFO] PMF calibration — walk-forward OOF refits
2026-05-29 11:05:55,782 [INFO] ============================================================
2026-05-29 11:05:55,875 [INFO] Aggregate mode: loaded 1 fold files (79,800 rows total)
2026-05-29 11:05:57,244 [INFO] OOF PMF universe persisted to /home/runner/work/nba-player-props-model/nba-player-props-model/artifacts/models/challengers/2026-05-28/oof_pmfs.parquet (79,800 rows)
2026-05-29 11:05:57,326 [INFO] OOF aggregation:
2026-05-29 11:05:57,326 [INFO]   ast: n=11,400  domain=26
2026-05-29 11:05:57,326 [INFO]   blk: n=11,400  domain=11
2026-05-29 11:05:57,326 [INFO]   fg3m: n=11,400  domain=16
2026-05-29 11:05:57,327 [INFO]   pts: n=11,400  domain=81
2026-05-29 11:05:57,327 [INFO]   reb: n=11,400  domain=31
2026-05-29 11:05:57,327 [INFO]   stl: n=11,400  domain=11
2026-05-29 11:05:57,327 [INFO]   tov: n=11,400  domain=13
2026-05-29 11:06:31,307 [INFO] Augmented pmf_cal_meta.json: calibration_target=active_conditioned_prop_live, pmf_active_available=true
2026-05-29 11:06:31,307 [INFO] Final calibrators fitted for stats: ast, blk, fg3m, pts, reb, stl, tov
2026-05-29 11:06:31,307 [INFO] ============================================================
2026-05-29 11:06:31,307 [INFO] Per-stat calibration results
2026-05-29 11:06:31,307 [INFO] ============================================================
2026-05-29 11:06:31,307 [INFO]      ast  n_train= 3,588  PIT raw mean=0.549  std=0.256  -> cal mean=0.509  std=0.273
2026-05-29 11:06:31,307 [INFO]      blk  n_train= 3,588  PIT raw mean=0.505  std=0.290  -> cal mean=0.501  std=0.290
2026-05-29 11:06:31,307 [INFO]     fg3m  n_train= 3,588  PIT raw mean=0.471  std=0.329  -> cal mean=0.489  std=0.313
2026-05-29 11:06:31,307 [INFO]      pts  n_train= 3,588  PIT raw mean=0.540  std=0.282  -> cal mean=0.506  std=0.284
2026-05-29 11:06:31,307 [INFO]      reb  n_train= 3,588  PIT raw mean=0.550  std=0.254  -> cal mean=0.509  std=0.273
2026-05-29 11:06:31,307 [INFO]      stl  n_train= 3,588  PIT raw mean=0.489  std=0.289  -> cal mean=0.489  std=0.288
2026-05-29 11:06:31,307 [INFO]      tov  n_train= 3,588  PIT raw mean=0.543  std=0.262  -> cal mean=0.521  std=0.275
2026-05-29 11:06:31,308 [INFO] Wrote /home/runner/work/nba-player-props-model/nba-player-props-model/artifacts/models/challengers/2026-05-28/pmf_calibration_run.md
2026-05-29 11:06:31,308 [INFO] Done in 0.6 min
