$ python3 scripts/calibrate_pmf.py --core-props-only --aggregate-mode --aggregate-oofs /home/runner/work/nba-player-props-model/nba-player-props-model/artifacts/models/challengers/2026-05-26/aggregate_input --output-dir /home/runner/work/nba-player-props-model/nba-player-props-model/artifacts/models/challengers/2026-05-26

2026-05-27 23:04:10,466 [INFO] CLI args: fold_index=None max_folds=999 core_props_only=True val_rows_limit=None aggregate_mode=True
2026-05-27 23:04:10,466 [INFO] CLI args: pmf_draws=3000
2026-05-27 23:04:10,466 [INFO] CLI args: allowed_stats=['ast', 'fg3m', 'pts', 'reb', 'tov']
2026-05-27 23:04:10,466 [INFO] ============================================================
2026-05-27 23:04:10,466 [INFO] PMF calibration — walk-forward OOF refits
2026-05-27 23:04:10,466 [INFO] ============================================================
2026-05-27 23:04:10,531 [INFO] Aggregate mode: loaded 1 fold files (79,800 rows total)
2026-05-27 23:04:11,576 [INFO] OOF PMF universe persisted to /home/runner/work/nba-player-props-model/nba-player-props-model/artifacts/models/challengers/2026-05-26/oof_pmfs.parquet (79,800 rows)
2026-05-27 23:04:11,637 [INFO] OOF aggregation:
2026-05-27 23:04:11,637 [INFO]   ast: n=11,400  domain=26
2026-05-27 23:04:11,637 [INFO]   blk: n=11,400  domain=11
2026-05-27 23:04:11,637 [INFO]   fg3m: n=11,400  domain=16
2026-05-27 23:04:11,637 [INFO]   pts: n=11,400  domain=81
2026-05-27 23:04:11,638 [INFO]   reb: n=11,400  domain=31
2026-05-27 23:04:11,638 [INFO]   stl: n=11,400  domain=11
2026-05-27 23:04:11,638 [INFO]   tov: n=11,400  domain=13
2026-05-27 23:04:37,611 [INFO] Augmented pmf_cal_meta.json: calibration_target=active_conditioned_prop_live, pmf_active_available=true
2026-05-27 23:04:37,612 [INFO] Final calibrators fitted for stats: ast, blk, fg3m, pts, reb, stl, tov
2026-05-27 23:04:37,612 [INFO] ============================================================
2026-05-27 23:04:37,612 [INFO] Per-stat calibration results
2026-05-27 23:04:37,612 [INFO] ============================================================
2026-05-27 23:04:37,612 [INFO]      ast  n_train= 3,588  PIT raw mean=0.549  std=0.256  -> cal mean=0.509  std=0.273
2026-05-27 23:04:37,612 [INFO]      blk  n_train= 3,588  PIT raw mean=0.505  std=0.290  -> cal mean=0.501  std=0.290
2026-05-27 23:04:37,612 [INFO]     fg3m  n_train= 3,588  PIT raw mean=0.471  std=0.329  -> cal mean=0.489  std=0.313
2026-05-27 23:04:37,612 [INFO]      pts  n_train= 3,588  PIT raw mean=0.540  std=0.282  -> cal mean=0.506  std=0.284
2026-05-27 23:04:37,612 [INFO]      reb  n_train= 3,588  PIT raw mean=0.550  std=0.254  -> cal mean=0.509  std=0.273
2026-05-27 23:04:37,612 [INFO]      stl  n_train= 3,588  PIT raw mean=0.489  std=0.289  -> cal mean=0.489  std=0.288
2026-05-27 23:04:37,612 [INFO]      tov  n_train= 3,588  PIT raw mean=0.543  std=0.262  -> cal mean=0.521  std=0.275
2026-05-27 23:04:37,612 [INFO] Wrote /home/runner/work/nba-player-props-model/nba-player-props-model/artifacts/models/challengers/2026-05-26/pmf_calibration_run.md
2026-05-27 23:04:37,612 [INFO] Done in 0.5 min
